---end scope---
t INT 1
---end scope---
x INT 1
---end scope---
print (STRING)->VOID 1
printi (INT)->VOID 1
potato ()->INT 1
tomato ()->VOID 1
