---end scope---
x INT 0
---end scope---
y INT 0
---end scope---
x INT 0
---end scope---
---end scope---
x INT 0
---end scope---
line 11: type mismatch
