---end scope---
---end scope---
---end scope---
line 8: type mismatch
