---end scope---
t INT 0
---end scope---
s BOOL 0
line 12: type mismatch
