---end scope---
a INT -1
t INT 0
line 5: prototype mismatch, function potato expects arguments (INT)
