---end scope---
a BOOL -1
line 5: variable t is not defined
