---end scope---
x INT 0
---end scope---
y INT 0
---end scope---
---end scope---
---end scope---
x INT 0
y INT 1
---end scope---
---end scope---
---end scope---
print (STRING)->VOID 1
printi (INT)->VOID 2
checkIfElse ()->VOID 3
