---end scope---
x INT 1
line 4: identifier TestSameNameFunc is already defined
