---end scope---
x INT -1
y BYTE -2
z INT -3
---end scope---
print (STRING)->VOID 0
printi (INT)->VOID 0
CheckBinary (INT,BYTE,INT)->VOID 0
