---end scope---
t INT 1
---end scope---
line 3: type mismatch
