---end scope---
a INT -1
t INT 0
---end scope---
print (STRING)->VOID 1
printi (INT)->VOID 2
potato (INT)->INT 3
