---end scope---
a INT -1
b BOOL -2
c BYTE -3
d INT -4
pot struct potato -8
---end scope---
a INT 0
---end scope---
pot struct potato 0
---end scope---
---end scope---
print (STRING)->VOID 0
printi (INT)->VOID 0
struct potato {INT a,BOOL b,BYTE c,INT d}
PutToPotato (INT,BOOL,BYTE,INT,potato)->INT 0
ReturnIntFunc ()->INT 0
callPutPotato ()->VOID 0
main ()->VOID 0
