---end scope---
a INT -8
b BOOL -7
c BYTE -6
d INT -5
pot struct potato -4
---end scope---
pot struct potato 0
---end scope---
print (STRING)->VOID 1
printi (INT)->VOID 2
struct potato {INT a,BOOL b,BYTE c,INT d}
PutToPotato (INT,BOOL,BYTE,INT,potato)->INT 3
callPutPotato ()->VOID 4
