---end scope---
t struct potato 0
rr INT 1
---end scope---
---end scope---
print (STRING)->VOID 0
printi (INT)->VOID 0
TestCreatePotato ()->VOID 0
main ()->VOID 0
struct potato {INT x}
