---end scope---
t potato -1
s INT 0
---end scope---
print (STRING)->VOID 1
printi (INT)->VOID 2
struct potato {INT x}
TestStructParami (potato)->VOID 3
