---end scope---
x INT 0
---end scope---
y INT 0
---end scope---
line 6: variable y is not defined
