---end scope---
a BOOL 1
k BYTE 1
line 5: type mismatch
