---end scope---
t INT 0
---end scope---
s BOOL 0
line 10: type mismatch
