---end scope---
x INT -1
t INT 0
---end scope---
x BOOL -1
t INT 0
---end scope---
x BYTE -1
t INT 0
---end scope---
---end scope---
print (STRING)->VOID 1
printi (INT)->VOID 2
IntFunc (INT)->VOID 3
BoolFunc (BOOL)->VOID 4
ByteFunc (BYTE)->VOID 5
TestAll ()->VOID 6
