---end scope---
x INT 0
---end scope---
print (STRING)->VOID 1
printi (INT)->VOID 2
TestAssignByteToInt ()->VOID 3
