---end scope---
---end scope---
---end scope---
---end scope---
line 9: type mismatch
