---end scope---
y INT -2
x INT -1
---end scope---
print (STRING)->VOID 1
printi (INT)->VOID 2
func (INT,INT)->INT 3
