---end scope---
a INT -1
b BOOL -2
c BYTE -3
d INT -4
pot struct potato -8
line 16: byte value 333 out of range
