---end scope---
x INT 1
---end scope---
line 7: syntax error
