---end scope---
x INT -1
a INT 0
---end scope---
x INT 1
---end scope---
---end scope---
c BOOL 0
---end scope---
---end scope---
print (STRING)->VOID 0
printi (INT)->VOID 0
SomeFunc (INT)->VOID 0
TestPrintI ()->VOID 0
main ()->VOID 0
