---end scope---
x INT 1
k BOOL 1
line 5: type mismatch
